// Jest Snapshot v1, https://goo.gl/fbAQLP

exports[`Card should render correctly 1`] = `
<div
  className="sc-bdVaJa fmAdHF StyledBox-sc-13pk1d4-0 gWJLey"
>
  <p>
    Hello
  </p>
</div>
`;

exports[`Card styles should be consistent 1`] = `
<div
  className="sc-bdVaJa fmAdHF StyledBox-sc-13pk1d4-0 IRSNj"
/>
`;
