// Jest Snapshot v1, https://goo.gl/fbAQLP

exports[`PreviousButton should render correctly 1`] = `
<svg
  aria-label="Previous"
  className="sc-bdVaJa kidtcg StyledIcon-ofa7kd-0 iOkQrb"
  viewBox="0 0 24 24"
>
  <polyline
    fill="none"
    points="7 2 17 12 7 22"
    stroke="#000"
    strokeWidth="2"
    transform="matrix(-1 0 0 1 24 0)"
  />
</svg>
`;

exports[`PreviousButton styles should be consistent 1`] = `
<svg
  aria-label="Previous"
  className="sc-bdVaJa kidtcg StyledIcon-ofa7kd-0 iOkQrb"
  viewBox="0 0 24 24"
>
  <polyline
    fill="none"
    points="7 2 17 12 7 22"
    stroke="#000"
    strokeWidth="2"
    transform="matrix(-1 0 0 1 24 0)"
  />
</svg>
`;
