// Jest Snapshot v1, https://goo.gl/fbAQLP

exports[`ButtonGroup should render correctly 1`] = `
<div
  className="sc-bdVaJa eCCpvZ"
>
  <button>
    Click me
  </button>
</div>
`;
